<testsuites id="" name="" tests="2" failures="0" skipped="0" errors="0" time="11.989271">
<testsuite name="Reporters.spec.js" timestamp="2023-08-22T12:48:46.676Z" hostname="chromium" tests="2" failures="0" skipped="0" time="11.404" errors="0">
<testcase name="test1" classname="Reporters.spec.js" time="5.564">
</testcase>
<testcase name="test2" classname="Reporters.spec.js" time="5.84">
</testcase>
</testsuite>
</testsuites>